192.168.0.103 - - [02/May/2022:17:03:12 +0800] "GET /nacos/v1/cs/health HTTP/1.1" 200 2 3 Apache-HttpAsyncClient/4.1.3 (Java/1.8.0_321)
127.0.0.1 - - [02/May/2022:17:03:13 +0800] "GET /nacos/v1/ns/instance/list?healthyOnly=false&namespaceId=public&clientIP=192.168.0.103&serviceName=DEFAULT_GROUP%40%40shop&udpPort=54267&encoding=UTF-8 HTTP/1.1" 200 235 1 Nacos-Java-Client:v1.1.1
192.168.0.103 - - [02/May/2022:17:03:17 +0800] "GET /nacos/v1/cs/health HTTP/1.1" 200 2 0 Apache-HttpAsyncClient/4.1.3 (Java/1.8.0_321)
192.168.0.103 - - [02/May/2022:17:03:22 +0800] "GET /nacos/v1/cs/health HTTP/1.1" 200 2 0 Apache-HttpAsyncClient/4.1.3 (Java/1.8.0_321)
127.0.0.1 - - [02/May/2022:17:03:23 +0800] "GET /nacos/v1/ns/instance/list?healthyOnly=false&namespaceId=public&clientIP=192.168.0.103&serviceName=DEFAULT_GROUP%40%40shop&udpPort=54267&encoding=UTF-8 HTTP/1.1" 200 235 1 Nacos-Java-Client:v1.1.1
192.168.0.103 - - [02/May/2022:17:03:27 +0800] "GET /nacos/v1/cs/health HTTP/1.1" 200 2 1 Apache-HttpAsyncClient/4.1.3 (Java/1.8.0_321)
192.168.0.103 - - [02/May/2022:17:03:32 +0800] "GET /nacos/v1/cs/health HTTP/1.1" 200 2 1 Apache-HttpAsyncClient/4.1.3 (Java/1.8.0_321)
127.0.0.1 - - [02/May/2022:17:03:33 +0800] "GET /nacos/v1/ns/instance/list?healthyOnly=false&namespaceId=public&clientIP=192.168.0.103&serviceName=DEFAULT_GROUP%40%40shop&udpPort=54267&encoding=UTF-8 HTTP/1.1" 200 235 1 Nacos-Java-Client:v1.1.1
192.168.0.103 - - [02/May/2022:17:03:37 +0800] "GET /nacos/v1/cs/health HTTP/1.1" 200 2 1 Apache-HttpAsyncClient/4.1.3 (Java/1.8.0_321)
192.168.0.103 - - [02/May/2022:17:03:42 +0800] "GET /nacos/v1/cs/health HTTP/1.1" 200 2 1 Apache-HttpAsyncClient/4.1.3 (Java/1.8.0_321)
127.0.0.1 - - [02/May/2022:17:03:43 +0800] "GET /nacos/v1/ns/instance/list?healthyOnly=false&namespaceId=public&clientIP=192.168.0.103&serviceName=DEFAULT_GROUP%40%40shop&udpPort=54267&encoding=UTF-8 HTTP/1.1" 200 235 1 Nacos-Java-Client:v1.1.1
192.168.0.103 - - [02/May/2022:17:03:47 +0800] "GET /nacos/v1/cs/health HTTP/1.1" 200 2 1 Apache-HttpAsyncClient/4.1.3 (Java/1.8.0_321)
192.168.0.103 - - [02/May/2022:17:03:52 +0800] "GET /nacos/v1/cs/health HTTP/1.1" 200 2 1 Apache-HttpAsyncClient/4.1.3 (Java/1.8.0_321)
127.0.0.1 - - [02/May/2022:17:03:53 +0800] "GET /nacos/v1/ns/instance/list?healthyOnly=false&namespaceId=public&clientIP=192.168.0.103&serviceName=DEFAULT_GROUP%40%40shop&udpPort=54267&encoding=UTF-8 HTTP/1.1" 200 235 1 Nacos-Java-Client:v1.1.1
192.168.0.103 - - [02/May/2022:17:03:57 +0800] "GET /nacos/v1/cs/health HTTP/1.1" 200 2 1 Apache-HttpAsyncClient/4.1.3 (Java/1.8.0_321)
192.168.0.103 - - [02/May/2022:17:04:02 +0800] "GET /nacos/v1/cs/health HTTP/1.1" 200 2 0 Apache-HttpAsyncClient/4.1.3 (Java/1.8.0_321)
127.0.0.1 - - [02/May/2022:17:04:03 +0800] "GET /nacos/v1/ns/instance/list?healthyOnly=false&namespaceId=public&clientIP=192.168.0.103&serviceName=DEFAULT_GROUP%40%40shop&udpPort=54267&encoding=UTF-8 HTTP/1.1" 200 235 1 Nacos-Java-Client:v1.1.1
192.168.0.103 - - [02/May/2022:17:04:07 +0800] "GET /nacos/v1/cs/health HTTP/1.1" 200 2 1 Apache-HttpAsyncClient/4.1.3 (Java/1.8.0_321)
192.168.0.103 - - [02/May/2022:17:04:12 +0800] "GET /nacos/v1/cs/health HTTP/1.1" 200 2 2 Apache-HttpAsyncClient/4.1.3 (Java/1.8.0_321)
127.0.0.1 - - [02/May/2022:17:04:13 +0800] "GET /nacos/v1/ns/instance/list?healthyOnly=false&namespaceId=public&clientIP=192.168.0.103&serviceName=DEFAULT_GROUP%40%40shop&udpPort=54267&encoding=UTF-8 HTTP/1.1" 200 235 1 Nacos-Java-Client:v1.1.1
192.168.0.103 - - [02/May/2022:17:04:17 +0800] "GET /nacos/v1/cs/health HTTP/1.1" 200 2 0 Apache-HttpAsyncClient/4.1.3 (Java/1.8.0_321)
192.168.0.103 - - [02/May/2022:17:04:22 +0800] "GET /nacos/v1/cs/health HTTP/1.1" 200 2 1 Apache-HttpAsyncClient/4.1.3 (Java/1.8.0_321)
127.0.0.1 - - [02/May/2022:17:04:23 +0800] "GET /nacos/v1/ns/instance/list?healthyOnly=false&namespaceId=public&clientIP=192.168.0.103&serviceName=DEFAULT_GROUP%40%40shop&udpPort=54267&encoding=UTF-8 HTTP/1.1" 200 235 1 Nacos-Java-Client:v1.1.1
192.168.0.103 - - [02/May/2022:17:04:27 +0800] "GET /nacos/v1/cs/health HTTP/1.1" 200 2 0 Apache-HttpAsyncClient/4.1.3 (Java/1.8.0_321)
192.168.0.103 - - [02/May/2022:17:04:32 +0800] "GET /nacos/v1/cs/health HTTP/1.1" 200 2 1 Apache-HttpAsyncClient/4.1.3 (Java/1.8.0_321)
127.0.0.1 - - [02/May/2022:17:04:33 +0800] "GET /nacos/v1/ns/instance/list?healthyOnly=false&namespaceId=public&clientIP=192.168.0.103&serviceName=DEFAULT_GROUP%40%40shop&udpPort=54267&encoding=UTF-8 HTTP/1.1" 200 235 1 Nacos-Java-Client:v1.1.1
192.168.0.103 - - [02/May/2022:17:04:37 +0800] "GET /nacos/v1/cs/health HTTP/1.1" 200 2 0 Apache-HttpAsyncClient/4.1.3 (Java/1.8.0_321)
192.168.0.103 - - [02/May/2022:17:04:42 +0800] "GET /nacos/v1/cs/health HTTP/1.1" 200 2 0 Apache-HttpAsyncClient/4.1.3 (Java/1.8.0_321)
127.0.0.1 - - [02/May/2022:17:04:43 +0800] "GET /nacos/v1/ns/instance/list?healthyOnly=false&namespaceId=public&clientIP=192.168.0.103&serviceName=DEFAULT_GROUP%40%40shop&udpPort=54267&encoding=UTF-8 HTTP/1.1" 200 235 0 Nacos-Java-Client:v1.1.1
192.168.0.103 - - [02/May/2022:17:04:47 +0800] "GET /nacos/v1/cs/health HTTP/1.1" 200 2 0 Apache-HttpAsyncClient/4.1.3 (Java/1.8.0_321)
192.168.0.103 - - [02/May/2022:17:04:52 +0800] "GET /nacos/v1/cs/health HTTP/1.1" 200 2 2 Apache-HttpAsyncClient/4.1.3 (Java/1.8.0_321)
127.0.0.1 - - [02/May/2022:17:04:53 +0800] "DELETE /nacos/v1/ns/instance?namespaceId=public&port=8081&clusterName=DEFAULT&ip=192.168.0.103&ephemeral=true&serviceName=DEFAULT_GROUP%40%40shop&encoding=UTF-8 HTTP/1.1" 200 2 0 Nacos-Java-Client:v1.1.1
192.168.0.103 - - [02/May/2022:17:04:57 +0800] "GET /nacos/v1/cs/health HTTP/1.1" 200 2 0 Apache-HttpAsyncClient/4.1.3 (Java/1.8.0_321)
192.168.0.103 - - [02/May/2022:17:05:02 +0800] "GET /nacos/v1/cs/health HTTP/1.1" 200 2 0 Apache-HttpAsyncClient/4.1.3 (Java/1.8.0_321)
192.168.0.103 - - [02/May/2022:17:05:07 +0800] "GET /nacos/v1/cs/health HTTP/1.1" 200 2 0 Apache-HttpAsyncClient/4.1.3 (Java/1.8.0_321)
192.168.0.103 - - [02/May/2022:17:05:12 +0800] "GET /nacos/v1/cs/health HTTP/1.1" 200 2 1 Apache-HttpAsyncClient/4.1.3 (Java/1.8.0_321)
192.168.0.103 - - [02/May/2022:17:05:17 +0800] "GET /nacos/v1/cs/health HTTP/1.1" 200 2 0 Apache-HttpAsyncClient/4.1.3 (Java/1.8.0_321)
192.168.0.103 - - [02/May/2022:17:05:33 +0800] "GET /nacos/v1/cs/health HTTP/1.1" 200 2 62 Apache-HttpAsyncClient/4.1.3 (Java/1.8.0_321)
192.168.0.103 - - [02/May/2022:17:05:38 +0800] "GET /nacos/v1/cs/health HTTP/1.1" 200 2 3 Apache-HttpAsyncClient/4.1.3 (Java/1.8.0_321)
127.0.0.1 - - [02/May/2022:17:05:38 +0800] "GET /nacos/v1/cs/configs?search=accurate&dataId=&group=&appName=&config_tags=&pageNo=1&pageSize=10&tenant=&namespaceId= HTTP/1.1" 200 - 57 Mozilla/5.0 (Windows NT 10.0; Win64; x64) AppleWebKit/537.36 (KHTML, like Gecko) Chrome/101.0.4951.41 Safari/537.36 Edg/101.0.1210.32
127.0.0.1 - - [02/May/2022:17:05:41 +0800] "GET /nacos/v1/cs/configs?search=accurate&dataId=&group=&appName=&config_tags=&pageNo=1&pageSize=10&tenant=&namespaceId= HTTP/1.1" 200 - 5 Mozilla/5.0 (Windows NT 10.0; Win64; x64) AppleWebKit/537.36 (KHTML, like Gecko) Chrome/101.0.4951.41 Safari/537.36 Edg/101.0.1210.32
192.168.0.103 - - [02/May/2022:17:05:43 +0800] "GET /nacos/v1/cs/health HTTP/1.1" 200 2 3 Apache-HttpAsyncClient/4.1.3 (Java/1.8.0_321)
192.168.0.103 - - [02/May/2022:17:05:48 +0800] "GET /nacos/v1/cs/health HTTP/1.1" 200 2 0 Apache-HttpAsyncClient/4.1.3 (Java/1.8.0_321)
192.168.0.103 - - [02/May/2022:17:05:53 +0800] "GET /nacos/v1/cs/health HTTP/1.1" 200 2 0 Apache-HttpAsyncClient/4.1.3 (Java/1.8.0_321)
127.0.0.1 - - [02/May/2022:17:05:55 +0800] "GET /nacos/console-fe/public/js/vs/basic-languages/src/yaml.js HTTP/1.1" 200 3869 7 Mozilla/5.0 (Windows NT 10.0; Win64; x64) AppleWebKit/537.36 (KHTML, like Gecko) Chrome/101.0.4951.41 Safari/537.36 Edg/101.0.1210.32
127.0.0.1 - - [02/May/2022:17:05:58 +0800] "GET /nacos/console-fe/public/js/vs/basic-languages/src/xml.js HTTP/1.1" 200 2119 3 Mozilla/5.0 (Windows NT 10.0; Win64; x64) AppleWebKit/537.36 (KHTML, like Gecko) Chrome/101.0.4951.41 Safari/537.36 Edg/101.0.1210.32
192.168.0.103 - - [02/May/2022:17:05:58 +0800] "GET /nacos/v1/cs/health HTTP/1.1" 200 2 3 Apache-HttpAsyncClient/4.1.3 (Java/1.8.0_321)
127.0.0.1 - - [02/May/2022:17:06:01 +0800] "GET /nacos/v1/cs/configs?search=accurate&dataId=&group=&appName=&config_tags=&pageNo=1&pageSize=10&tenant=&namespaceId= HTTP/1.1" 200 - 4 Mozilla/5.0 (Windows NT 10.0; Win64; x64) AppleWebKit/537.36 (KHTML, like Gecko) Chrome/101.0.4951.41 Safari/537.36 Edg/101.0.1210.32
192.168.0.103 - - [02/May/2022:17:06:03 +0800] "GET /nacos/v1/cs/health HTTP/1.1" 200 2 2 Apache-HttpAsyncClient/4.1.3 (Java/1.8.0_321)
127.0.0.1 - - [02/May/2022:17:06:04 +0800] "GET /nacos/v1/cs/configs?search=accurate&dataId=&group=&appName=&config_tags=&pageNo=1&pageSize=10&tenant=&namespaceId= HTTP/1.1" 200 - 3 Mozilla/5.0 (Windows NT 10.0; Win64; x64) AppleWebKit/537.36 (KHTML, like Gecko) Chrome/101.0.4951.41 Safari/537.36 Edg/101.0.1210.32
192.168.0.103 - - [02/May/2022:17:06:08 +0800] "GET /nacos/v1/cs/health HTTP/1.1" 200 2 0 Apache-HttpAsyncClient/4.1.3 (Java/1.8.0_321)
192.168.0.103 - - [02/May/2022:17:06:13 +0800] "GET /nacos/v1/cs/health HTTP/1.1" 200 2 0 Apache-HttpAsyncClient/4.1.3 (Java/1.8.0_321)
127.0.0.1 - - [02/May/2022:17:06:14 +0800] "GET /nacos/v1/ns/catalog/services?hasIpCount=true&withInstances=false&pageNo=1&pageSize=10&serviceNameParam=&groupNameParam=&namespaceId= HTTP/1.1" 200 39 19 Mozilla/5.0 (Windows NT 10.0; Win64; x64) AppleWebKit/537.36 (KHTML, like Gecko) Chrome/101.0.4951.41 Safari/537.36 Edg/101.0.1210.32
127.0.0.1 - - [02/May/2022:17:06:15 +0800] "GET /nacos/v1/ns/catalog/services?hasIpCount=true&withInstances=false&pageNo=1&pageSize=10&serviceNameParam=&groupNameParam=&namespaceId= HTTP/1.1" 200 39 3 Mozilla/5.0 (Windows NT 10.0; Win64; x64) AppleWebKit/537.36 (KHTML, like Gecko) Chrome/101.0.4951.41 Safari/537.36 Edg/101.0.1210.32
127.0.0.1 - - [02/May/2022:17:06:15 +0800] "GET /nacos/v1/ns/catalog/services?hasIpCount=true&withInstances=false&pageNo=1&pageSize=10&serviceNameParam=&groupNameParam=&namespaceId= HTTP/1.1" 200 39 2 Mozilla/5.0 (Windows NT 10.0; Win64; x64) AppleWebKit/537.36 (KHTML, like Gecko) Chrome/101.0.4951.41 Safari/537.36 Edg/101.0.1210.32
127.0.0.1 - - [02/May/2022:17:06:15 +0800] "GET /nacos/v1/ns/catalog/services?hasIpCount=true&withInstances=false&pageNo=1&pageSize=10&serviceNameParam=&groupNameParam=&namespaceId= HTTP/1.1" 200 39 2 Mozilla/5.0 (Windows NT 10.0; Win64; x64) AppleWebKit/537.36 (KHTML, like Gecko) Chrome/101.0.4951.41 Safari/537.36 Edg/101.0.1210.32
127.0.0.1 - - [02/May/2022:17:06:15 +0800] "GET /nacos/v1/ns/catalog/services?hasIpCount=true&withInstances=false&pageNo=1&pageSize=10&serviceNameParam=&groupNameParam=&namespaceId= HTTP/1.1" 200 39 3 Mozilla/5.0 (Windows NT 10.0; Win64; x64) AppleWebKit/537.36 (KHTML, like Gecko) Chrome/101.0.4951.41 Safari/537.36 Edg/101.0.1210.32
127.0.0.1 - - [02/May/2022:17:06:16 +0800] "GET /nacos/v1/ns/catalog/services?hasIpCount=true&withInstances=false&pageNo=1&pageSize=10&serviceNameParam=&groupNameParam=&namespaceId= HTTP/1.1" 200 39 2 Mozilla/5.0 (Windows NT 10.0; Win64; x64) AppleWebKit/537.36 (KHTML, like Gecko) Chrome/101.0.4951.41 Safari/537.36 Edg/101.0.1210.32
127.0.0.1 - - [02/May/2022:17:06:16 +0800] "GET /nacos/v1/ns/catalog/services?hasIpCount=true&withInstances=false&pageNo=1&pageSize=10&serviceNameParam=&groupNameParam=&namespaceId= HTTP/1.1" 200 39 2 Mozilla/5.0 (Windows NT 10.0; Win64; x64) AppleWebKit/537.36 (KHTML, like Gecko) Chrome/101.0.4951.41 Safari/537.36 Edg/101.0.1210.32
127.0.0.1 - - [02/May/2022:17:06:16 +0800] "GET /nacos/v1/ns/catalog/services?hasIpCount=true&withInstances=false&pageNo=1&pageSize=10&serviceNameParam=&groupNameParam=&namespaceId= HTTP/1.1" 200 39 3 Mozilla/5.0 (Windows NT 10.0; Win64; x64) AppleWebKit/537.36 (KHTML, like Gecko) Chrome/101.0.4951.41 Safari/537.36 Edg/101.0.1210.32
127.0.0.1 - - [02/May/2022:17:06:16 +0800] "GET /nacos/v1/ns/catalog/services?hasIpCount=true&withInstances=false&pageNo=1&pageSize=10&serviceNameParam=&groupNameParam=&namespaceId= HTTP/1.1" 200 39 2 Mozilla/5.0 (Windows NT 10.0; Win64; x64) AppleWebKit/537.36 (KHTML, like Gecko) Chrome/101.0.4951.41 Safari/537.36 Edg/101.0.1210.32
192.168.0.103 - - [02/May/2022:17:06:18 +0800] "GET /nacos/v1/cs/health HTTP/1.1" 200 2 2 Apache-HttpAsyncClient/4.1.3 (Java/1.8.0_321)
192.168.0.103 - - [02/May/2022:17:06:23 +0800] "GET /nacos/v1/cs/health HTTP/1.1" 200 2 2 Apache-HttpAsyncClient/4.1.3 (Java/1.8.0_321)
192.168.0.103 - - [02/May/2022:17:06:28 +0800] "GET /nacos/v1/cs/health HTTP/1.1" 200 2 0 Apache-HttpAsyncClient/4.1.3 (Java/1.8.0_321)
192.168.0.103 - - [02/May/2022:17:06:33 +0800] "GET /nacos/v1/cs/health HTTP/1.1" 200 2 2 Apache-HttpAsyncClient/4.1.3 (Java/1.8.0_321)
192.168.0.103 - - [02/May/2022:17:06:38 +0800] "GET /nacos/v1/cs/health HTTP/1.1" 200 2 2 Apache-HttpAsyncClient/4.1.3 (Java/1.8.0_321)
192.168.0.103 - - [02/May/2022:17:06:43 +0800] "GET /nacos/v1/cs/health HTTP/1.1" 200 2 2 Apache-HttpAsyncClient/4.1.3 (Java/1.8.0_321)
192.168.0.103 - - [02/May/2022:17:06:48 +0800] "GET /nacos/v1/cs/health HTTP/1.1" 200 2 2 Apache-HttpAsyncClient/4.1.3 (Java/1.8.0_321)
192.168.0.103 - - [02/May/2022:17:06:53 +0800] "GET /nacos/v1/cs/health HTTP/1.1" 200 2 2 Apache-HttpAsyncClient/4.1.3 (Java/1.8.0_321)
192.168.0.103 - - [02/May/2022:17:06:58 +0800] "GET /nacos/v1/cs/health HTTP/1.1" 200 2 2 Apache-HttpAsyncClient/4.1.3 (Java/1.8.0_321)
192.168.0.103 - - [02/May/2022:17:07:03 +0800] "GET /nacos/v1/cs/health HTTP/1.1" 200 2 3 Apache-HttpAsyncClient/4.1.3 (Java/1.8.0_321)
192.168.0.103 - - [02/May/2022:17:07:08 +0800] "GET /nacos/v1/cs/health HTTP/1.1" 200 2 2 Apache-HttpAsyncClient/4.1.3 (Java/1.8.0_321)
192.168.0.103 - - [02/May/2022:17:07:13 +0800] "GET /nacos/v1/cs/health HTTP/1.1" 200 2 3 Apache-HttpAsyncClient/4.1.3 (Java/1.8.0_321)
192.168.0.103 - - [02/May/2022:17:07:18 +0800] "GET /nacos/v1/cs/health HTTP/1.1" 200 2 3 Apache-HttpAsyncClient/4.1.3 (Java/1.8.0_321)
192.168.0.103 - - [02/May/2022:17:07:23 +0800] "GET /nacos/v1/cs/health HTTP/1.1" 200 2 3 Apache-HttpAsyncClient/4.1.3 (Java/1.8.0_321)
192.168.0.103 - - [02/May/2022:17:07:28 +0800] "GET /nacos/v1/cs/health HTTP/1.1" 200 2 2 Apache-HttpAsyncClient/4.1.3 (Java/1.8.0_321)
192.168.0.103 - - [02/May/2022:17:07:33 +0800] "GET /nacos/v1/cs/health HTTP/1.1" 200 2 3 Apache-HttpAsyncClient/4.1.3 (Java/1.8.0_321)
192.168.0.103 - - [02/May/2022:17:07:38 +0800] "GET /nacos/v1/cs/health HTTP/1.1" 200 2 2 Apache-HttpAsyncClient/4.1.3 (Java/1.8.0_321)
192.168.0.103 - - [02/May/2022:17:07:43 +0800] "GET /nacos/v1/cs/health HTTP/1.1" 200 2 2 Apache-HttpAsyncClient/4.1.3 (Java/1.8.0_321)
192.168.0.103 - - [02/May/2022:17:07:48 +0800] "GET /nacos/v1/cs/health HTTP/1.1" 200 2 0 Apache-HttpAsyncClient/4.1.3 (Java/1.8.0_321)
192.168.0.103 - - [02/May/2022:17:07:53 +0800] "GET /nacos/v1/cs/health HTTP/1.1" 200 2 0 Apache-HttpAsyncClient/4.1.3 (Java/1.8.0_321)
192.168.0.103 - - [02/May/2022:17:07:58 +0800] "GET /nacos/v1/cs/health HTTP/1.1" 200 2 0 Apache-HttpAsyncClient/4.1.3 (Java/1.8.0_321)
192.168.0.103 - - [02/May/2022:17:08:03 +0800] "GET /nacos/v1/cs/health HTTP/1.1" 200 2 0 Apache-HttpAsyncClient/4.1.3 (Java/1.8.0_321)
192.168.0.103 - - [02/May/2022:17:08:08 +0800] "GET /nacos/v1/cs/health HTTP/1.1" 200 2 0 Apache-HttpAsyncClient/4.1.3 (Java/1.8.0_321)
192.168.0.103 - - [02/May/2022:17:08:13 +0800] "GET /nacos/v1/cs/health HTTP/1.1" 200 2 0 Apache-HttpAsyncClient/4.1.3 (Java/1.8.0_321)
192.168.0.103 - - [02/May/2022:17:08:18 +0800] "GET /nacos/v1/cs/health HTTP/1.1" 200 2 0 Apache-HttpAsyncClient/4.1.3 (Java/1.8.0_321)
192.168.0.103 - - [02/May/2022:17:08:23 +0800] "GET /nacos/v1/cs/health HTTP/1.1" 200 2 0 Apache-HttpAsyncClient/4.1.3 (Java/1.8.0_321)
192.168.0.103 - - [02/May/2022:17:08:28 +0800] "GET /nacos/v1/cs/health HTTP/1.1" 200 2 0 Apache-HttpAsyncClient/4.1.3 (Java/1.8.0_321)
192.168.0.103 - - [02/May/2022:17:08:33 +0800] "GET /nacos/v1/cs/health HTTP/1.1" 200 2 0 Apache-HttpAsyncClient/4.1.3 (Java/1.8.0_321)
127.0.0.1 - - [02/May/2022:17:08:37 +0800] "POST /nacos/v1/ns/instance?groupName=DEFAULT_GROUP&metadata=%7B%22preserved.register.source%22%3A%22SPRING_CLOUD%22%7D&namespaceId=public&port=8081&enable=true&healthy=true&clusterName=DEFAULT&ip=192.168.0.103&weight=1.0&ephemeral=true&serviceName=DEFAULT_GROUP%40%40shop&encoding=UTF-8 HTTP/1.1" 200 2 32 Nacos-Java-Client:v1.1.1
127.0.0.1 - - [02/May/2022:17:08:37 +0800] "PUT /nacos/v1/ns/instance/beat?beat=%7B%22cluster%22%3A%22DEFAULT%22%2C%22ip%22%3A%22192.168.0.103%22%2C%22metadata%22%3A%7B%22preserved.register.source%22%3A%22SPRING_CLOUD%22%7D%2C%22period%22%3A5000%2C%22port%22%3A8081%2C%22scheduled%22%3Afalse%2C%22serviceName%22%3A%22DEFAULT_GROUP%40%40shop%22%2C%22stopped%22%3Afalse%2C%22weight%22%3A1.0%7D&serviceName=DEFAULT_GROUP%40%40shop&encoding=UTF-8&namespaceId=public HTTP/1.1" 200 38 32 Nacos-Java-Client:v1.1.1
192.168.0.103 - - [02/May/2022:17:08:38 +0800] "GET /nacos/v1/cs/health HTTP/1.1" 200 2 0 Apache-HttpAsyncClient/4.1.3 (Java/1.8.0_321)
127.0.0.1 - - [02/May/2022:17:08:43 +0800] "GET /nacos/index.html HTTP/1.1" 304 - 0 Mozilla/5.0 (Windows NT 10.0; Win64; x64) AppleWebKit/537.36 (KHTML, like Gecko) Chrome/101.0.4951.41 Safari/537.36 Edg/101.0.1210.32
127.0.0.1 - - [02/May/2022:17:08:43 +0800] "GET /nacos/v1/console/server/state HTTP/1.1" 200 82 5 Mozilla/5.0 (Windows NT 10.0; Win64; x64) AppleWebKit/537.36 (KHTML, like Gecko) Chrome/101.0.4951.41 Safari/537.36 Edg/101.0.1210.32
127.0.0.1 - - [02/May/2022:17:08:43 +0800] "GET /nacos/v1/console/namespaces?namespaceId= HTTP/1.1" 200 130 74 Mozilla/5.0 (Windows NT 10.0; Win64; x64) AppleWebKit/537.36 (KHTML, like Gecko) Chrome/101.0.4951.41 Safari/537.36 Edg/101.0.1210.32
127.0.0.1 - - [02/May/2022:17:08:43 +0800] "GET /nacos/v1/ns/catalog/services?hasIpCount=true&withInstances=false&pageNo=1&pageSize=10&serviceNameParam=&groupNameParam=&namespaceId= HTTP/1.1" 200 158 8 Mozilla/5.0 (Windows NT 10.0; Win64; x64) AppleWebKit/537.36 (KHTML, like Gecko) Chrome/101.0.4951.41 Safari/537.36 Edg/101.0.1210.32
192.168.0.103 - - [02/May/2022:17:08:43 +0800] "GET /nacos/v1/cs/health HTTP/1.1" 200 2 0 Apache-HttpAsyncClient/4.1.3 (Java/1.8.0_321)
192.168.0.103 - - [02/May/2022:17:08:48 +0800] "GET /nacos/v1/cs/health HTTP/1.1" 200 2 0 Apache-HttpAsyncClient/4.1.3 (Java/1.8.0_321)
192.168.0.103 - - [02/May/2022:17:08:53 +0800] "GET /nacos/v1/cs/health HTTP/1.1" 200 2 2 Apache-HttpAsyncClient/4.1.3 (Java/1.8.0_321)
192.168.0.103 - - [02/May/2022:17:08:58 +0800] "GET /nacos/v1/cs/health HTTP/1.1" 200 2 0 Apache-HttpAsyncClient/4.1.3 (Java/1.8.0_321)
192.168.0.103 - - [02/May/2022:17:09:03 +0800] "GET /nacos/v1/cs/health HTTP/1.1" 200 2 0 Apache-HttpAsyncClient/4.1.3 (Java/1.8.0_321)
127.0.0.1 - - [02/May/2022:17:09:07 +0800] "DELETE /nacos/v1/ns/instance?ephemeral=true&serviceName=DEFAULT_GROUP%40%40shop&port=8081&namespaceId=public&ip=192.168.0.103&clusterName=DEFAULT HTTP/1.1" 200 2 0 Nacos-Server:1.1.4
192.168.0.103 - - [02/May/2022:17:09:08 +0800] "GET /nacos/v1/cs/health HTTP/1.1" 200 2 0 Apache-HttpAsyncClient/4.1.3 (Java/1.8.0_321)
192.168.0.103 - - [02/May/2022:17:09:13 +0800] "GET /nacos/v1/cs/health HTTP/1.1" 200 2 0 Apache-HttpAsyncClient/4.1.3 (Java/1.8.0_321)
192.168.0.103 - - [02/May/2022:17:09:18 +0800] "GET /nacos/v1/cs/health HTTP/1.1" 200 2 0 Apache-HttpAsyncClient/4.1.3 (Java/1.8.0_321)
192.168.0.103 - - [02/May/2022:17:09:23 +0800] "GET /nacos/v1/cs/health HTTP/1.1" 200 2 0 Apache-HttpAsyncClient/4.1.3 (Java/1.8.0_321)
192.168.0.103 - - [02/May/2022:17:09:28 +0800] "GET /nacos/v1/cs/health HTTP/1.1" 200 2 1 Apache-HttpAsyncClient/4.1.3 (Java/1.8.0_321)
127.0.0.1 - - [02/May/2022:17:09:29 +0800] "GET /nacos/v1/ns/catalog/services?hasIpCount=true&withInstances=false&pageNo=1&pageSize=10&serviceNameParam=&groupNameParam=&namespaceId= HTTP/1.1" 200 39 3 Mozilla/5.0 (Windows NT 10.0; Win64; x64) AppleWebKit/537.36 (KHTML, like Gecko) Chrome/101.0.4951.41 Safari/537.36 Edg/101.0.1210.32
127.0.0.1 - - [02/May/2022:17:09:31 +0800] "GET /nacos/v1/ns/catalog/services?hasIpCount=true&withInstances=false&pageNo=1&pageSize=10&serviceNameParam=&groupNameParam=&namespaceId= HTTP/1.1" 200 39 2 Mozilla/5.0 (Windows NT 10.0; Win64; x64) AppleWebKit/537.36 (KHTML, like Gecko) Chrome/101.0.4951.41 Safari/537.36 Edg/101.0.1210.32
127.0.0.1 - - [02/May/2022:17:09:32 +0800] "GET /nacos/v1/ns/catalog/services?hasIpCount=false&withInstances=false&pageNo=1&pageSize=10&serviceNameParam=&groupNameParam=&namespaceId= HTTP/1.1" 200 158 2 Mozilla/5.0 (Windows NT 10.0; Win64; x64) AppleWebKit/537.36 (KHTML, like Gecko) Chrome/101.0.4951.41 Safari/537.36 Edg/101.0.1210.32
127.0.0.1 - - [02/May/2022:17:09:32 +0800] "GET /nacos/v1/ns/catalog/services?hasIpCount=false&withInstances=false&pageNo=1&pageSize=10&serviceNameParam=&groupNameParam=&namespaceId= HTTP/1.1" 200 158 2 Mozilla/5.0 (Windows NT 10.0; Win64; x64) AppleWebKit/537.36 (KHTML, like Gecko) Chrome/101.0.4951.41 Safari/537.36 Edg/101.0.1210.32
192.168.0.103 - - [02/May/2022:17:09:33 +0800] "GET /nacos/v1/cs/health HTTP/1.1" 200 2 2 Apache-HttpAsyncClient/4.1.3 (Java/1.8.0_321)
192.168.0.103 - - [02/May/2022:17:09:38 +0800] "GET /nacos/v1/cs/health HTTP/1.1" 200 2 2 Apache-HttpAsyncClient/4.1.3 (Java/1.8.0_321)
192.168.0.103 - - [02/May/2022:17:09:43 +0800] "GET /nacos/v1/cs/health HTTP/1.1" 200 2 0 Apache-HttpAsyncClient/4.1.3 (Java/1.8.0_321)
192.168.0.103 - - [02/May/2022:17:09:48 +0800] "GET /nacos/v1/cs/health HTTP/1.1" 200 2 0 Apache-HttpAsyncClient/4.1.3 (Java/1.8.0_321)
192.168.0.103 - - [02/May/2022:17:09:53 +0800] "GET /nacos/v1/cs/health HTTP/1.1" 200 2 0 Apache-HttpAsyncClient/4.1.3 (Java/1.8.0_321)
192.168.0.103 - - [02/May/2022:17:09:58 +0800] "GET /nacos/v1/cs/health HTTP/1.1" 200 2 0 Apache-HttpAsyncClient/4.1.3 (Java/1.8.0_321)
192.168.0.103 - - [02/May/2022:17:10:03 +0800] "GET /nacos/v1/cs/health HTTP/1.1" 200 2 0 Apache-HttpAsyncClient/4.1.3 (Java/1.8.0_321)
192.168.0.103 - - [02/May/2022:17:10:08 +0800] "GET /nacos/v1/cs/health HTTP/1.1" 200 2 0 Apache-HttpAsyncClient/4.1.3 (Java/1.8.0_321)
192.168.0.103 - - [02/May/2022:17:10:13 +0800] "GET /nacos/v1/cs/health HTTP/1.1" 200 2 0 Apache-HttpAsyncClient/4.1.3 (Java/1.8.0_321)
192.168.0.103 - - [02/May/2022:17:10:18 +0800] "GET /nacos/v1/cs/health HTTP/1.1" 200 2 0 Apache-HttpAsyncClient/4.1.3 (Java/1.8.0_321)
192.168.0.103 - - [02/May/2022:17:10:23 +0800] "GET /nacos/v1/cs/health HTTP/1.1" 200 2 2 Apache-HttpAsyncClient/4.1.3 (Java/1.8.0_321)
192.168.0.103 - - [02/May/2022:17:10:28 +0800] "GET /nacos/v1/cs/health HTTP/1.1" 200 2 0 Apache-HttpAsyncClient/4.1.3 (Java/1.8.0_321)
192.168.0.103 - - [02/May/2022:17:10:34 +0800] "GET /nacos/v1/cs/health HTTP/1.1" 200 2 2 Apache-HttpAsyncClient/4.1.3 (Java/1.8.0_321)
192.168.0.103 - - [02/May/2022:17:10:39 +0800] "GET /nacos/v1/cs/health HTTP/1.1" 200 2 2 Apache-HttpAsyncClient/4.1.3 (Java/1.8.0_321)
192.168.0.103 - - [02/May/2022:17:10:44 +0800] "GET /nacos/v1/cs/health HTTP/1.1" 200 2 2 Apache-HttpAsyncClient/4.1.3 (Java/1.8.0_321)
192.168.0.103 - - [02/May/2022:17:10:49 +0800] "GET /nacos/v1/cs/health HTTP/1.1" 200 2 2 Apache-HttpAsyncClient/4.1.3 (Java/1.8.0_321)
192.168.0.103 - - [02/May/2022:17:10:54 +0800] "GET /nacos/v1/cs/health HTTP/1.1" 200 2 2 Apache-HttpAsyncClient/4.1.3 (Java/1.8.0_321)
192.168.0.103 - - [02/May/2022:17:10:59 +0800] "GET /nacos/v1/cs/health HTTP/1.1" 200 2 2 Apache-HttpAsyncClient/4.1.3 (Java/1.8.0_321)
192.168.0.103 - - [02/May/2022:17:11:04 +0800] "GET /nacos/v1/cs/health HTTP/1.1" 200 2 3 Apache-HttpAsyncClient/4.1.3 (Java/1.8.0_321)
192.168.0.103 - - [02/May/2022:17:11:09 +0800] "GET /nacos/v1/cs/health HTTP/1.1" 200 2 2 Apache-HttpAsyncClient/4.1.3 (Java/1.8.0_321)
192.168.0.103 - - [02/May/2022:17:11:14 +0800] "GET /nacos/v1/cs/health HTTP/1.1" 200 2 4 Apache-HttpAsyncClient/4.1.3 (Java/1.8.0_321)
192.168.0.103 - - [02/May/2022:17:11:19 +0800] "GET /nacos/v1/cs/health HTTP/1.1" 200 2 3 Apache-HttpAsyncClient/4.1.3 (Java/1.8.0_321)
192.168.0.103 - - [02/May/2022:17:11:24 +0800] "GET /nacos/v1/cs/health HTTP/1.1" 200 2 3 Apache-HttpAsyncClient/4.1.3 (Java/1.8.0_321)
192.168.0.103 - - [02/May/2022:17:11:29 +0800] "GET /nacos/v1/cs/health HTTP/1.1" 200 2 2 Apache-HttpAsyncClient/4.1.3 (Java/1.8.0_321)
192.168.0.103 - - [02/May/2022:17:11:34 +0800] "GET /nacos/v1/cs/health HTTP/1.1" 200 2 3 Apache-HttpAsyncClient/4.1.3 (Java/1.8.0_321)
192.168.0.103 - - [02/May/2022:17:11:39 +0800] "GET /nacos/v1/cs/health HTTP/1.1" 200 2 2 Apache-HttpAsyncClient/4.1.3 (Java/1.8.0_321)
192.168.0.103 - - [02/May/2022:17:11:44 +0800] "GET /nacos/v1/cs/health HTTP/1.1" 200 2 0 Apache-HttpAsyncClient/4.1.3 (Java/1.8.0_321)
192.168.0.103 - - [02/May/2022:17:11:49 +0800] "GET /nacos/v1/cs/health HTTP/1.1" 200 2 0 Apache-HttpAsyncClient/4.1.3 (Java/1.8.0_321)
192.168.0.103 - - [02/May/2022:17:11:54 +0800] "GET /nacos/v1/cs/health HTTP/1.1" 200 2 0 Apache-HttpAsyncClient/4.1.3 (Java/1.8.0_321)
192.168.0.103 - - [02/May/2022:17:11:59 +0800] "GET /nacos/v1/cs/health HTTP/1.1" 200 2 0 Apache-HttpAsyncClient/4.1.3 (Java/1.8.0_321)
192.168.0.103 - - [02/May/2022:17:12:04 +0800] "GET /nacos/v1/cs/health HTTP/1.1" 200 2 0 Apache-HttpAsyncClient/4.1.3 (Java/1.8.0_321)
192.168.0.103 - - [02/May/2022:17:12:09 +0800] "GET /nacos/v1/cs/health HTTP/1.1" 200 2 2 Apache-HttpAsyncClient/4.1.3 (Java/1.8.0_321)
192.168.0.103 - - [02/May/2022:17:12:14 +0800] "GET /nacos/v1/cs/health HTTP/1.1" 200 2 2 Apache-HttpAsyncClient/4.1.3 (Java/1.8.0_321)
192.168.0.103 - - [02/May/2022:17:12:19 +0800] "GET /nacos/v1/cs/health HTTP/1.1" 200 2 0 Apache-HttpAsyncClient/4.1.3 (Java/1.8.0_321)
192.168.0.103 - - [02/May/2022:17:12:24 +0800] "GET /nacos/v1/cs/health HTTP/1.1" 200 2 0 Apache-HttpAsyncClient/4.1.3 (Java/1.8.0_321)
192.168.0.103 - - [02/May/2022:17:12:29 +0800] "GET /nacos/v1/cs/health HTTP/1.1" 200 2 0 Apache-HttpAsyncClient/4.1.3 (Java/1.8.0_321)
192.168.0.103 - - [02/May/2022:17:12:34 +0800] "GET /nacos/v1/cs/health HTTP/1.1" 200 2 0 Apache-HttpAsyncClient/4.1.3 (Java/1.8.0_321)
192.168.0.103 - - [02/May/2022:17:12:39 +0800] "GET /nacos/v1/cs/health HTTP/1.1" 200 2 0 Apache-HttpAsyncClient/4.1.3 (Java/1.8.0_321)
192.168.0.103 - - [02/May/2022:17:12:44 +0800] "GET /nacos/v1/cs/health HTTP/1.1" 200 2 0 Apache-HttpAsyncClient/4.1.3 (Java/1.8.0_321)
192.168.0.103 - - [02/May/2022:17:12:49 +0800] "GET /nacos/v1/cs/health HTTP/1.1" 200 2 0 Apache-HttpAsyncClient/4.1.3 (Java/1.8.0_321)
192.168.0.103 - - [02/May/2022:17:12:54 +0800] "GET /nacos/v1/cs/health HTTP/1.1" 200 2 0 Apache-HttpAsyncClient/4.1.3 (Java/1.8.0_321)
192.168.0.103 - - [02/May/2022:17:12:59 +0800] "GET /nacos/v1/cs/health HTTP/1.1" 200 2 0 Apache-HttpAsyncClient/4.1.3 (Java/1.8.0_321)
192.168.0.103 - - [02/May/2022:17:13:04 +0800] "GET /nacos/v1/cs/health HTTP/1.1" 200 2 0 Apache-HttpAsyncClient/4.1.3 (Java/1.8.0_321)
192.168.0.103 - - [02/May/2022:17:13:09 +0800] "GET /nacos/v1/cs/health HTTP/1.1" 200 2 0 Apache-HttpAsyncClient/4.1.3 (Java/1.8.0_321)
192.168.0.103 - - [02/May/2022:17:13:14 +0800] "GET /nacos/v1/cs/health HTTP/1.1" 200 2 0 Apache-HttpAsyncClient/4.1.3 (Java/1.8.0_321)
192.168.0.103 - - [02/May/2022:17:13:19 +0800] "GET /nacos/v1/cs/health HTTP/1.1" 200 2 0 Apache-HttpAsyncClient/4.1.3 (Java/1.8.0_321)
127.0.0.1 - - [02/May/2022:17:13:21 +0800] "DELETE /nacos/v1/ns/instance?namespaceId=public&port=8081&clusterName=DEFAULT&ip=192.168.0.103&ephemeral=true&serviceName=DEFAULT_GROUP%40%40shop&encoding=UTF-8 HTTP/1.1" 200 2 0 Nacos-Java-Client:v1.1.1
192.168.0.103 - - [02/May/2022:17:13:24 +0800] "GET /nacos/v1/cs/health HTTP/1.1" 200 2 0 Apache-HttpAsyncClient/4.1.3 (Java/1.8.0_321)
192.168.0.103 - - [02/May/2022:17:13:29 +0800] "GET /nacos/v1/cs/health HTTP/1.1" 200 2 0 Apache-HttpAsyncClient/4.1.3 (Java/1.8.0_321)
127.0.0.1 - - [02/May/2022:17:13:33 +0800] "POST /nacos/v1/ns/instance?groupName=DEFAULT_GROUP&metadata=%7B%22preserved.register.source%22%3A%22SPRING_CLOUD%22%7D&namespaceId=public&port=8081&enable=true&healthy=true&clusterName=DEFAULT&ip=192.168.0.103&weight=1.0&ephemeral=true&serviceName=DEFAULT_GROUP%40%40shop&encoding=UTF-8 HTTP/1.1" 200 2 0 Nacos-Java-Client:v1.1.1
127.0.0.1 - - [02/May/2022:17:13:33 +0800] "PUT /nacos/v1/ns/instance/beat?beat=%7B%22cluster%22%3A%22DEFAULT%22%2C%22ip%22%3A%22192.168.0.103%22%2C%22metadata%22%3A%7B%22preserved.register.source%22%3A%22SPRING_CLOUD%22%7D%2C%22period%22%3A5000%2C%22port%22%3A8081%2C%22scheduled%22%3Afalse%2C%22serviceName%22%3A%22DEFAULT_GROUP%40%40shop%22%2C%22stopped%22%3Afalse%2C%22weight%22%3A1.0%7D&serviceName=DEFAULT_GROUP%40%40shop&encoding=UTF-8&namespaceId=public HTTP/1.1" 200 38 0 Nacos-Java-Client:v1.1.1
192.168.0.103 - - [02/May/2022:17:13:34 +0800] "GET /nacos/v1/cs/health HTTP/1.1" 200 2 0 Apache-HttpAsyncClient/4.1.3 (Java/1.8.0_321)
192.168.0.103 - - [02/May/2022:17:13:39 +0800] "GET /nacos/v1/cs/health HTTP/1.1" 200 2 3 Apache-HttpAsyncClient/4.1.3 (Java/1.8.0_321)
127.0.0.1 - - [02/May/2022:17:13:39 +0800] "GET /nacos/index.html HTTP/1.1" 304 - 0 Mozilla/5.0 (Windows NT 10.0; Win64; x64) AppleWebKit/537.36 (KHTML, like Gecko) Chrome/101.0.4951.41 Safari/537.36 Edg/101.0.1210.32
127.0.0.1 - - [02/May/2022:17:13:39 +0800] "GET /nacos/v1/console/namespaces?namespaceId= HTTP/1.1" 200 130 4 Mozilla/5.0 (Windows NT 10.0; Win64; x64) AppleWebKit/537.36 (KHTML, like Gecko) Chrome/101.0.4951.41 Safari/537.36 Edg/101.0.1210.32
127.0.0.1 - - [02/May/2022:17:13:39 +0800] "GET /nacos/v1/console/server/state HTTP/1.1" 200 82 2 Mozilla/5.0 (Windows NT 10.0; Win64; x64) AppleWebKit/537.36 (KHTML, like Gecko) Chrome/101.0.4951.41 Safari/537.36 Edg/101.0.1210.32
127.0.0.1 - - [02/May/2022:17:13:40 +0800] "GET /nacos/v1/ns/catalog/services?hasIpCount=false&withInstances=false&pageNo=1&pageSize=10&serviceNameParam=&groupNameParam=&namespaceId= HTTP/1.1" 200 158 2 Mozilla/5.0 (Windows NT 10.0; Win64; x64) AppleWebKit/537.36 (KHTML, like Gecko) Chrome/101.0.4951.41 Safari/537.36 Edg/101.0.1210.32
127.0.0.1 - - [02/May/2022:17:13:41 +0800] "GET /nacos/v1/ns/catalog/services?hasIpCount=false&withInstances=false&pageNo=1&pageSize=10&serviceNameParam=&groupNameParam=&namespaceId= HTTP/1.1" 200 158 3 Mozilla/5.0 (Windows NT 10.0; Win64; x64) AppleWebKit/537.36 (KHTML, like Gecko) Chrome/101.0.4951.41 Safari/537.36 Edg/101.0.1210.32
127.0.0.1 - - [02/May/2022:17:13:42 +0800] "GET /nacos/v1/ns/catalog/services?hasIpCount=false&withInstances=false&pageNo=1&pageSize=10&serviceNameParam=&groupNameParam=&namespaceId= HTTP/1.1" 200 158 2 Mozilla/5.0 (Windows NT 10.0; Win64; x64) AppleWebKit/537.36 (KHTML, like Gecko) Chrome/101.0.4951.41 Safari/537.36 Edg/101.0.1210.32
127.0.0.1 - - [02/May/2022:17:13:42 +0800] "GET /nacos/v1/ns/catalog/services?hasIpCount=false&withInstances=false&pageNo=1&pageSize=10&serviceNameParam=&groupNameParam=&namespaceId= HTTP/1.1" 200 158 2 Mozilla/5.0 (Windows NT 10.0; Win64; x64) AppleWebKit/537.36 (KHTML, like Gecko) Chrome/101.0.4951.41 Safari/537.36 Edg/101.0.1210.32
127.0.0.1 - - [02/May/2022:17:13:42 +0800] "GET /nacos/v1/ns/catalog/services?hasIpCount=false&withInstances=false&pageNo=1&pageSize=10&serviceNameParam=&groupNameParam=&namespaceId= HTTP/1.1" 200 158 15 Mozilla/5.0 (Windows NT 10.0; Win64; x64) AppleWebKit/537.36 (KHTML, like Gecko) Chrome/101.0.4951.41 Safari/537.36 Edg/101.0.1210.32
127.0.0.1 - - [02/May/2022:17:13:43 +0800] "GET /nacos/v1/ns/catalog/services?hasIpCount=false&withInstances=false&pageNo=1&pageSize=10&serviceNameParam=&groupNameParam=&namespaceId= HTTP/1.1" 200 158 2 Mozilla/5.0 (Windows NT 10.0; Win64; x64) AppleWebKit/537.36 (KHTML, like Gecko) Chrome/101.0.4951.41 Safari/537.36 Edg/101.0.1210.32
127.0.0.1 - - [02/May/2022:17:13:43 +0800] "GET /nacos/v1/ns/catalog/services?hasIpCount=false&withInstances=false&pageNo=1&pageSize=10&serviceNameParam=&groupNameParam=&namespaceId= HTTP/1.1" 200 158 2 Mozilla/5.0 (Windows NT 10.0; Win64; x64) AppleWebKit/537.36 (KHTML, like Gecko) Chrome/101.0.4951.41 Safari/537.36 Edg/101.0.1210.32
127.0.0.1 - - [02/May/2022:17:13:43 +0800] "GET /nacos/v1/ns/catalog/services?hasIpCount=false&withInstances=false&pageNo=1&pageSize=10&serviceNameParam=&groupNameParam=&namespaceId= HTTP/1.1" 200 158 2 Mozilla/5.0 (Windows NT 10.0; Win64; x64) AppleWebKit/537.36 (KHTML, like Gecko) Chrome/101.0.4951.41 Safari/537.36 Edg/101.0.1210.32
127.0.0.1 - - [02/May/2022:17:13:43 +0800] "GET /nacos/v1/ns/catalog/services?hasIpCount=false&withInstances=false&pageNo=1&pageSize=10&serviceNameParam=&groupNameParam=&namespaceId= HTTP/1.1" 200 158 2 Mozilla/5.0 (Windows NT 10.0; Win64; x64) AppleWebKit/537.36 (KHTML, like Gecko) Chrome/101.0.4951.41 Safari/537.36 Edg/101.0.1210.32
127.0.0.1 - - [02/May/2022:17:13:43 +0800] "GET /nacos/v1/ns/catalog/services?hasIpCount=false&withInstances=false&pageNo=1&pageSize=10&serviceNameParam=&groupNameParam=&namespaceId= HTTP/1.1" 200 158 2 Mozilla/5.0 (Windows NT 10.0; Win64; x64) AppleWebKit/537.36 (KHTML, like Gecko) Chrome/101.0.4951.41 Safari/537.36 Edg/101.0.1210.32
127.0.0.1 - - [02/May/2022:17:13:43 +0800] "GET /nacos/v1/ns/catalog/services?hasIpCount=false&withInstances=false&pageNo=1&pageSize=10&serviceNameParam=&groupNameParam=&namespaceId= HTTP/1.1" 200 158 2 Mozilla/5.0 (Windows NT 10.0; Win64; x64) AppleWebKit/537.36 (KHTML, like Gecko) Chrome/101.0.4951.41 Safari/537.36 Edg/101.0.1210.32
192.168.0.103 - - [02/May/2022:17:13:44 +0800] "GET /nacos/v1/cs/health HTTP/1.1" 200 2 0 Apache-HttpAsyncClient/4.1.3 (Java/1.8.0_321)
192.168.0.103 - - [02/May/2022:17:13:49 +0800] "GET /nacos/v1/cs/health HTTP/1.1" 200 2 0 Apache-HttpAsyncClient/4.1.3 (Java/1.8.0_321)
127.0.0.1 - - [02/May/2022:17:13:52 +0800] "GET /nacos/v1/ns/catalog/services?hasIpCount=false&withInstances=false&pageNo=1&pageSize=10&serviceNameParam=&groupNameParam=&namespaceId= HTTP/1.1" 200 157 2 Mozilla/5.0 (Windows NT 10.0; Win64; x64) AppleWebKit/537.36 (KHTML, like Gecko) Chrome/101.0.4951.41 Safari/537.36 Edg/101.0.1210.32
127.0.0.1 - - [02/May/2022:17:13:53 +0800] "GET /nacos/v1/ns/catalog/services?hasIpCount=false&withInstances=false&pageNo=1&pageSize=10&serviceNameParam=&groupNameParam=&namespaceId= HTTP/1.1" 200 157 3 Mozilla/5.0 (Windows NT 10.0; Win64; x64) AppleWebKit/537.36 (KHTML, like Gecko) Chrome/101.0.4951.41 Safari/537.36 Edg/101.0.1210.32
127.0.0.1 - - [02/May/2022:17:13:53 +0800] "GET /nacos/v1/ns/catalog/services?hasIpCount=false&withInstances=false&pageNo=1&pageSize=10&serviceNameParam=&groupNameParam=&namespaceId= HTTP/1.1" 200 157 2 Mozilla/5.0 (Windows NT 10.0; Win64; x64) AppleWebKit/537.36 (KHTML, like Gecko) Chrome/101.0.4951.41 Safari/537.36 Edg/101.0.1210.32
127.0.0.1 - - [02/May/2022:17:13:54 +0800] "GET /nacos/v1/ns/catalog/services?hasIpCount=false&withInstances=false&pageNo=1&pageSize=10&serviceNameParam=&groupNameParam=&namespaceId= HTTP/1.1" 200 157 2 Mozilla/5.0 (Windows NT 10.0; Win64; x64) AppleWebKit/537.36 (KHTML, like Gecko) Chrome/101.0.4951.41 Safari/537.36 Edg/101.0.1210.32
127.0.0.1 - - [02/May/2022:17:13:54 +0800] "GET /nacos/v1/ns/catalog/services?hasIpCount=false&withInstances=false&pageNo=1&pageSize=10&serviceNameParam=&groupNameParam=&namespaceId= HTTP/1.1" 200 157 2 Mozilla/5.0 (Windows NT 10.0; Win64; x64) AppleWebKit/537.36 (KHTML, like Gecko) Chrome/101.0.4951.41 Safari/537.36 Edg/101.0.1210.32
192.168.0.103 - - [02/May/2022:17:13:54 +0800] "GET /nacos/v1/cs/health HTTP/1.1" 200 2 0 Apache-HttpAsyncClient/4.1.3 (Java/1.8.0_321)
127.0.0.1 - - [02/May/2022:17:13:54 +0800] "GET /nacos/v1/ns/catalog/services?hasIpCount=false&withInstances=false&pageNo=1&pageSize=10&serviceNameParam=&groupNameParam=&namespaceId= HTTP/1.1" 200 157 2 Mozilla/5.0 (Windows NT 10.0; Win64; x64) AppleWebKit/537.36 (KHTML, like Gecko) Chrome/101.0.4951.41 Safari/537.36 Edg/101.0.1210.32
127.0.0.1 - - [02/May/2022:17:13:54 +0800] "GET /nacos/v1/ns/catalog/services?hasIpCount=false&withInstances=false&pageNo=1&pageSize=10&serviceNameParam=&groupNameParam=&namespaceId= HTTP/1.1" 200 157 2 Mozilla/5.0 (Windows NT 10.0; Win64; x64) AppleWebKit/537.36 (KHTML, like Gecko) Chrome/101.0.4951.41 Safari/537.36 Edg/101.0.1210.32
127.0.0.1 - - [02/May/2022:17:13:54 +0800] "GET /nacos/v1/ns/catalog/services?hasIpCount=false&withInstances=false&pageNo=1&pageSize=10&serviceNameParam=&groupNameParam=&namespaceId= HTTP/1.1" 200 157 2 Mozilla/5.0 (Windows NT 10.0; Win64; x64) AppleWebKit/537.36 (KHTML, like Gecko) Chrome/101.0.4951.41 Safari/537.36 Edg/101.0.1210.32
127.0.0.1 - - [02/May/2022:17:13:55 +0800] "GET /nacos/v1/ns/catalog/services?hasIpCount=false&withInstances=false&pageNo=1&pageSize=10&serviceNameParam=&groupNameParam=&namespaceId= HTTP/1.1" 200 157 1 Mozilla/5.0 (Windows NT 10.0; Win64; x64) AppleWebKit/537.36 (KHTML, like Gecko) Chrome/101.0.4951.41 Safari/537.36 Edg/101.0.1210.32
192.168.0.103 - - [02/May/2022:17:13:59 +0800] "GET /nacos/v1/cs/health HTTP/1.1" 200 2 0 Apache-HttpAsyncClient/4.1.3 (Java/1.8.0_321)
192.168.0.103 - - [02/May/2022:17:14:04 +0800] "GET /nacos/v1/cs/health HTTP/1.1" 200 2 2 Apache-HttpAsyncClient/4.1.3 (Java/1.8.0_321)
127.0.0.1 - - [02/May/2022:17:14:07 +0800] "DELETE /nacos/v1/ns/instance?ephemeral=true&serviceName=DEFAULT_GROUP%40%40shop&port=8081&namespaceId=public&ip=192.168.0.103&clusterName=DEFAULT HTTP/1.1" 200 2 0 Nacos-Server:1.1.4
192.168.0.103 - - [02/May/2022:17:14:09 +0800] "GET /nacos/v1/cs/health HTTP/1.1" 200 2 2 Apache-HttpAsyncClient/4.1.3 (Java/1.8.0_321)
192.168.0.103 - - [02/May/2022:17:14:14 +0800] "GET /nacos/v1/cs/health HTTP/1.1" 200 2 0 Apache-HttpAsyncClient/4.1.3 (Java/1.8.0_321)
192.168.0.103 - - [02/May/2022:17:14:19 +0800] "GET /nacos/v1/cs/health HTTP/1.1" 200 2 0 Apache-HttpAsyncClient/4.1.3 (Java/1.8.0_321)
192.168.0.103 - - [02/May/2022:17:14:24 +0800] "GET /nacos/v1/cs/health HTTP/1.1" 200 2 0 Apache-HttpAsyncClient/4.1.3 (Java/1.8.0_321)
192.168.0.103 - - [02/May/2022:17:14:29 +0800] "GET /nacos/v1/cs/health HTTP/1.1" 200 2 0 Apache-HttpAsyncClient/4.1.3 (Java/1.8.0_321)
192.168.0.103 - - [02/May/2022:17:14:34 +0800] "GET /nacos/v1/cs/health HTTP/1.1" 200 2 0 Apache-HttpAsyncClient/4.1.3 (Java/1.8.0_321)
127.0.0.1 - - [02/May/2022:17:14:38 +0800] "DELETE /nacos/v1/ns/instance?namespaceId=public&port=8081&clusterName=DEFAULT&ip=192.168.0.103&ephemeral=true&serviceName=DEFAULT_GROUP%40%40shop&encoding=UTF-8 HTTP/1.1" 200 2 0 Nacos-Java-Client:v1.1.1
127.0.0.1 - - [02/May/2022:17:14:38 +0800] "PUT /nacos/v1/ns/instance/beat?beat=%7B%22cluster%22%3A%22DEFAULT%22%2C%22ip%22%3A%22192.168.0.103%22%2C%22metadata%22%3A%7B%22preserved.register.source%22%3A%22SPRING_CLOUD%22%7D%2C%22period%22%3A5000%2C%22port%22%3A18080%2C%22scheduled%22%3Afalse%2C%22serviceName%22%3A%22DEFAULT_GROUP%40%40shop%22%2C%22stopped%22%3Afalse%2C%22weight%22%3A1.0%7D&serviceName=DEFAULT_GROUP%40%40shop&encoding=UTF-8&namespaceId=public HTTP/1.1" 200 38 0 Nacos-Java-Client:v1.1.1
127.0.0.1 - - [02/May/2022:17:14:38 +0800] "POST /nacos/v1/ns/instance?groupName=DEFAULT_GROUP&metadata=%7B%22preserved.register.source%22%3A%22SPRING_CLOUD%22%7D&namespaceId=public&port=18080&enable=true&healthy=true&clusterName=DEFAULT&ip=192.168.0.103&weight=1.0&ephemeral=true&serviceName=DEFAULT_GROUP%40%40shop&encoding=UTF-8 HTTP/1.1" 200 2 0 Nacos-Java-Client:v1.1.1
192.168.0.103 - - [02/May/2022:17:14:39 +0800] "GET /nacos/v1/cs/health HTTP/1.1" 200 2 0 Apache-HttpAsyncClient/4.1.3 (Java/1.8.0_321)
192.168.0.103 - - [02/May/2022:17:14:44 +0800] "GET /nacos/v1/cs/health HTTP/1.1" 200 2 2 Apache-HttpAsyncClient/4.1.3 (Java/1.8.0_321)
127.0.0.1 - - [02/May/2022:17:14:44 +0800] "GET /nacos/v1/ns/catalog/services?hasIpCount=false&withInstances=false&pageNo=1&pageSize=10&serviceNameParam=&groupNameParam=&namespaceId= HTTP/1.1" 200 158 2 Mozilla/5.0 (Windows NT 10.0; Win64; x64) AppleWebKit/537.36 (KHTML, like Gecko) Chrome/101.0.4951.41 Safari/537.36 Edg/101.0.1210.32
127.0.0.1 - - [02/May/2022:17:14:47 +0800] "GET /nacos/v1/ns/catalog/service?serviceName=shop&groupName=DEFAULT_GROUP&namespaceId= HTTP/1.1" 200 306 8 Mozilla/5.0 (Windows NT 10.0; Win64; x64) AppleWebKit/537.36 (KHTML, like Gecko) Chrome/101.0.4951.41 Safari/537.36 Edg/101.0.1210.32
127.0.0.1 - - [02/May/2022:17:14:47 +0800] "GET /nacos/v1/ns/catalog/instances?serviceName=shop&clusterName=DEFAULT&groupName=DEFAULT_GROUP&pageSize=10&pageNo=1&namespaceId= HTTP/1.1" 200 638 14 Mozilla/5.0 (Windows NT 10.0; Win64; x64) AppleWebKit/537.36 (KHTML, like Gecko) Chrome/101.0.4951.41 Safari/537.36 Edg/101.0.1210.32
192.168.0.103 - - [02/May/2022:17:14:49 +0800] "GET /nacos/v1/cs/health HTTP/1.1" 200 2 3 Apache-HttpAsyncClient/4.1.3 (Java/1.8.0_321)
192.168.0.103 - - [02/May/2022:17:14:54 +0800] "GET /nacos/v1/cs/health HTTP/1.1" 200 2 0 Apache-HttpAsyncClient/4.1.3 (Java/1.8.0_321)
192.168.0.103 - - [02/May/2022:17:14:59 +0800] "GET /nacos/v1/cs/health HTTP/1.1" 200 2 2 Apache-HttpAsyncClient/4.1.3 (Java/1.8.0_321)
127.0.0.1 - - [02/May/2022:17:15:00 +0800] "GET /nacos/v1/ns/catalog/services?hasIpCount=false&withInstances=false&pageNo=1&pageSize=10&serviceNameParam=&groupNameParam=&namespaceId= HTTP/1.1" 200 157 2 Mozilla/5.0 (Windows NT 10.0; Win64; x64) AppleWebKit/537.36 (KHTML, like Gecko) Chrome/101.0.4951.41 Safari/537.36 Edg/101.0.1210.32
127.0.0.1 - - [02/May/2022:17:15:02 +0800] "GET /nacos/v1/ns/catalog/services?hasIpCount=false&withInstances=false&pageNo=1&pageSize=10&serviceNameParam=&groupNameParam=&namespaceId= HTTP/1.1" 200 157 2 Mozilla/5.0 (Windows NT 10.0; Win64; x64) AppleWebKit/537.36 (KHTML, like Gecko) Chrome/101.0.4951.41 Safari/537.36 Edg/101.0.1210.32
127.0.0.1 - - [02/May/2022:17:15:02 +0800] "GET /nacos/v1/ns/catalog/services?hasIpCount=false&withInstances=false&pageNo=1&pageSize=10&serviceNameParam=&groupNameParam=&namespaceId= HTTP/1.1" 200 157 1 Mozilla/5.0 (Windows NT 10.0; Win64; x64) AppleWebKit/537.36 (KHTML, like Gecko) Chrome/101.0.4951.41 Safari/537.36 Edg/101.0.1210.32
127.0.0.1 - - [02/May/2022:17:15:02 +0800] "GET /nacos/v1/ns/catalog/services?hasIpCount=false&withInstances=false&pageNo=1&pageSize=10&serviceNameParam=&groupNameParam=&namespaceId= HTTP/1.1" 200 157 2 Mozilla/5.0 (Windows NT 10.0; Win64; x64) AppleWebKit/537.36 (KHTML, like Gecko) Chrome/101.0.4951.41 Safari/537.36 Edg/101.0.1210.32
127.0.0.1 - - [02/May/2022:17:15:02 +0800] "GET /nacos/v1/ns/catalog/services?hasIpCount=false&withInstances=false&pageNo=1&pageSize=10&serviceNameParam=&groupNameParam=&namespaceId= HTTP/1.1" 200 157 2 Mozilla/5.0 (Windows NT 10.0; Win64; x64) AppleWebKit/537.36 (KHTML, like Gecko) Chrome/101.0.4951.41 Safari/537.36 Edg/101.0.1210.32
127.0.0.1 - - [02/May/2022:17:15:03 +0800] "GET /nacos/v1/ns/catalog/services?hasIpCount=false&withInstances=false&pageNo=1&pageSize=10&serviceNameParam=&groupNameParam=&namespaceId= HTTP/1.1" 200 157 1 Mozilla/5.0 (Windows NT 10.0; Win64; x64) AppleWebKit/537.36 (KHTML, like Gecko) Chrome/101.0.4951.41 Safari/537.36 Edg/101.0.1210.32
127.0.0.1 - - [02/May/2022:17:15:03 +0800] "GET /nacos/v1/ns/catalog/services?hasIpCount=false&withInstances=false&pageNo=1&pageSize=10&serviceNameParam=&groupNameParam=&namespaceId= HTTP/1.1" 200 157 1 Mozilla/5.0 (Windows NT 10.0; Win64; x64) AppleWebKit/537.36 (KHTML, like Gecko) Chrome/101.0.4951.41 Safari/537.36 Edg/101.0.1210.32
192.168.0.103 - - [02/May/2022:17:15:04 +0800] "GET /nacos/v1/cs/health HTTP/1.1" 200 2 0 Apache-HttpAsyncClient/4.1.3 (Java/1.8.0_321)
192.168.0.103 - - [02/May/2022:17:15:09 +0800] "GET /nacos/v1/cs/health HTTP/1.1" 200 2 0 Apache-HttpAsyncClient/4.1.3 (Java/1.8.0_321)
127.0.0.1 - - [02/May/2022:17:15:12 +0800] "DELETE /nacos/v1/ns/instance?ephemeral=true&serviceName=DEFAULT_GROUP%40%40shop&port=18080&namespaceId=public&ip=192.168.0.103&clusterName=DEFAULT HTTP/1.1" 200 2 0 Nacos-Server:1.1.4
192.168.0.103 - - [02/May/2022:17:15:14 +0800] "GET /nacos/v1/cs/health HTTP/1.1" 200 2 0 Apache-HttpAsyncClient/4.1.3 (Java/1.8.0_321)
192.168.0.103 - - [02/May/2022:17:15:19 +0800] "GET /nacos/v1/cs/health HTTP/1.1" 200 2 0 Apache-HttpAsyncClient/4.1.3 (Java/1.8.0_321)
192.168.0.103 - - [02/May/2022:17:15:24 +0800] "GET /nacos/v1/cs/health HTTP/1.1" 200 2 0 Apache-HttpAsyncClient/4.1.3 (Java/1.8.0_321)
192.168.0.103 - - [02/May/2022:17:15:29 +0800] "GET /nacos/v1/cs/health HTTP/1.1" 200 2 0 Apache-HttpAsyncClient/4.1.3 (Java/1.8.0_321)
192.168.0.103 - - [02/May/2022:17:15:34 +0800] "GET /nacos/v1/cs/health HTTP/1.1" 200 2 2 Apache-HttpAsyncClient/4.1.3 (Java/1.8.0_321)
192.168.0.103 - - [02/May/2022:17:15:39 +0800] "GET /nacos/v1/cs/health HTTP/1.1" 200 2 0 Apache-HttpAsyncClient/4.1.3 (Java/1.8.0_321)
192.168.0.103 - - [02/May/2022:17:15:44 +0800] "GET /nacos/v1/cs/health HTTP/1.1" 200 2 2 Apache-HttpAsyncClient/4.1.3 (Java/1.8.0_321)
192.168.0.103 - - [02/May/2022:17:15:49 +0800] "GET /nacos/v1/cs/health HTTP/1.1" 200 2 0 Apache-HttpAsyncClient/4.1.3 (Java/1.8.0_321)
192.168.0.103 - - [02/May/2022:17:15:54 +0800] "GET /nacos/v1/cs/health HTTP/1.1" 200 2 2 Apache-HttpAsyncClient/4.1.3 (Java/1.8.0_321)
192.168.0.103 - - [02/May/2022:17:15:59 +0800] "GET /nacos/v1/cs/health HTTP/1.1" 200 2 2 Apache-HttpAsyncClient/4.1.3 (Java/1.8.0_321)
192.168.0.103 - - [02/May/2022:17:16:04 +0800] "GET /nacos/v1/cs/health HTTP/1.1" 200 2 2 Apache-HttpAsyncClient/4.1.3 (Java/1.8.0_321)
192.168.0.103 - - [02/May/2022:17:16:09 +0800] "GET /nacos/v1/cs/health HTTP/1.1" 200 2 1 Apache-HttpAsyncClient/4.1.3 (Java/1.8.0_321)
192.168.0.103 - - [02/May/2022:17:16:14 +0800] "GET /nacos/v1/cs/health HTTP/1.1" 200 2 2 Apache-HttpAsyncClient/4.1.3 (Java/1.8.0_321)
192.168.0.103 - - [02/May/2022:17:16:19 +0800] "GET /nacos/v1/cs/health HTTP/1.1" 200 2 2 Apache-HttpAsyncClient/4.1.3 (Java/1.8.0_321)
192.168.0.103 - - [02/May/2022:17:16:24 +0800] "GET /nacos/v1/cs/health HTTP/1.1" 200 2 2 Apache-HttpAsyncClient/4.1.3 (Java/1.8.0_321)
192.168.0.103 - - [02/May/2022:17:16:29 +0800] "GET /nacos/v1/cs/health HTTP/1.1" 200 2 2 Apache-HttpAsyncClient/4.1.3 (Java/1.8.0_321)
192.168.0.103 - - [02/May/2022:17:16:34 +0800] "GET /nacos/v1/cs/health HTTP/1.1" 200 2 1 Apache-HttpAsyncClient/4.1.3 (Java/1.8.0_321)
192.168.0.103 - - [02/May/2022:17:16:39 +0800] "GET /nacos/v1/cs/health HTTP/1.1" 200 2 2 Apache-HttpAsyncClient/4.1.3 (Java/1.8.0_321)
192.168.0.103 - - [02/May/2022:17:16:44 +0800] "GET /nacos/v1/cs/health HTTP/1.1" 200 2 3 Apache-HttpAsyncClient/4.1.3 (Java/1.8.0_321)
192.168.0.103 - - [02/May/2022:17:16:49 +0800] "GET /nacos/v1/cs/health HTTP/1.1" 200 2 0 Apache-HttpAsyncClient/4.1.3 (Java/1.8.0_321)
192.168.0.103 - - [02/May/2022:17:16:54 +0800] "GET /nacos/v1/cs/health HTTP/1.1" 200 2 2 Apache-HttpAsyncClient/4.1.3 (Java/1.8.0_321)
192.168.0.103 - - [02/May/2022:17:16:59 +0800] "GET /nacos/v1/cs/health HTTP/1.1" 200 2 2 Apache-HttpAsyncClient/4.1.3 (Java/1.8.0_321)
192.168.0.103 - - [02/May/2022:17:17:04 +0800] "GET /nacos/v1/cs/health HTTP/1.1" 200 2 2 Apache-HttpAsyncClient/4.1.3 (Java/1.8.0_321)
192.168.0.103 - - [02/May/2022:17:17:09 +0800] "GET /nacos/v1/cs/health HTTP/1.1" 200 2 0 Apache-HttpAsyncClient/4.1.3 (Java/1.8.0_321)
192.168.0.103 - - [02/May/2022:17:17:14 +0800] "GET /nacos/v1/cs/health HTTP/1.1" 200 2 0 Apache-HttpAsyncClient/4.1.3 (Java/1.8.0_321)
192.168.0.103 - - [02/May/2022:17:17:19 +0800] "GET /nacos/v1/cs/health HTTP/1.1" 200 2 0 Apache-HttpAsyncClient/4.1.3 (Java/1.8.0_321)
192.168.0.103 - - [02/May/2022:17:17:24 +0800] "GET /nacos/v1/cs/health HTTP/1.1" 200 2 0 Apache-HttpAsyncClient/4.1.3 (Java/1.8.0_321)
192.168.0.103 - - [02/May/2022:17:17:29 +0800] "GET /nacos/v1/cs/health HTTP/1.1" 200 2 0 Apache-HttpAsyncClient/4.1.3 (Java/1.8.0_321)
192.168.0.103 - - [02/May/2022:17:17:34 +0800] "GET /nacos/v1/cs/health HTTP/1.1" 200 2 0 Apache-HttpAsyncClient/4.1.3 (Java/1.8.0_321)
192.168.0.103 - - [02/May/2022:17:17:39 +0800] "GET /nacos/v1/cs/health HTTP/1.1" 200 2 0 Apache-HttpAsyncClient/4.1.3 (Java/1.8.0_321)
192.168.0.103 - - [02/May/2022:17:17:44 +0800] "GET /nacos/v1/cs/health HTTP/1.1" 200 2 0 Apache-HttpAsyncClient/4.1.3 (Java/1.8.0_321)
192.168.0.103 - - [02/May/2022:17:17:49 +0800] "GET /nacos/v1/cs/health HTTP/1.1" 200 2 2 Apache-HttpAsyncClient/4.1.3 (Java/1.8.0_321)
192.168.0.103 - - [02/May/2022:17:17:54 +0800] "GET /nacos/v1/cs/health HTTP/1.1" 200 2 0 Apache-HttpAsyncClient/4.1.3 (Java/1.8.0_321)
192.168.0.103 - - [02/May/2022:17:17:59 +0800] "GET /nacos/v1/cs/health HTTP/1.1" 200 2 0 Apache-HttpAsyncClient/4.1.3 (Java/1.8.0_321)
192.168.0.103 - - [02/May/2022:17:18:04 +0800] "GET /nacos/v1/cs/health HTTP/1.1" 200 2 0 Apache-HttpAsyncClient/4.1.3 (Java/1.8.0_321)
192.168.0.103 - - [02/May/2022:17:18:09 +0800] "GET /nacos/v1/cs/health HTTP/1.1" 200 2 0 Apache-HttpAsyncClient/4.1.3 (Java/1.8.0_321)
192.168.0.103 - - [02/May/2022:17:18:14 +0800] "GET /nacos/v1/cs/health HTTP/1.1" 200 2 0 Apache-HttpAsyncClient/4.1.3 (Java/1.8.0_321)
192.168.0.103 - - [02/May/2022:17:18:19 +0800] "GET /nacos/v1/cs/health HTTP/1.1" 200 2 0 Apache-HttpAsyncClient/4.1.3 (Java/1.8.0_321)
192.168.0.103 - - [02/May/2022:17:18:24 +0800] "GET /nacos/v1/cs/health HTTP/1.1" 200 2 0 Apache-HttpAsyncClient/4.1.3 (Java/1.8.0_321)
192.168.0.103 - - [02/May/2022:17:18:29 +0800] "GET /nacos/v1/cs/health HTTP/1.1" 200 2 2 Apache-HttpAsyncClient/4.1.3 (Java/1.8.0_321)
192.168.0.103 - - [02/May/2022:17:18:34 +0800] "GET /nacos/v1/cs/health HTTP/1.1" 200 2 0 Apache-HttpAsyncClient/4.1.3 (Java/1.8.0_321)
192.168.0.103 - - [02/May/2022:17:18:39 +0800] "GET /nacos/v1/cs/health HTTP/1.1" 200 2 0 Apache-HttpAsyncClient/4.1.3 (Java/1.8.0_321)
192.168.0.103 - - [02/May/2022:17:18:44 +0800] "GET /nacos/v1/cs/health HTTP/1.1" 200 2 0 Apache-HttpAsyncClient/4.1.3 (Java/1.8.0_321)
192.168.0.103 - - [02/May/2022:17:18:49 +0800] "GET /nacos/v1/cs/health HTTP/1.1" 200 2 3 Apache-HttpAsyncClient/4.1.3 (Java/1.8.0_321)
192.168.0.103 - - [02/May/2022:17:18:54 +0800] "GET /nacos/v1/cs/health HTTP/1.1" 200 2 2 Apache-HttpAsyncClient/4.1.3 (Java/1.8.0_321)
